ok 1 - native .zph round-trip preserves every element and GUID
ok 2 - migration from schema 1 file
ok 3 - newer file version is rejected, corrupted file detected
ok 4 - duplicate GUIDs are repaired on load
ok 5 - transactions: undo / redo / cascade delete of hosted openings
ok 6 - automatic room detection and geometry operations
ok 7 - tee split when a pipe ends on another pipe
ok 8 - parametric follow-up: radiator length change drags attached pipes
ok 9 - auto-design on an empty house connects everything
ok 10 - exports: DXF (re-importable), IFC4 header/entities, SVG, CSV, Excel
ok 11 - DXF import of LINE entities becomes walls
ok 12 - product CSV import: validation and duplicate detection
ok 13 - assistant quotes model data and asks for missing parameters
ok 14 - roles, procurement shortage and plugin permissions
ok 15 - assembly U-value: brick 510 + 2×20 plaster
ok 16 - LMTD and EN 442 correction factor
ok 17 - radiator auto-selection (Required = 1265 W example)
ok 18 - flow from heat load
ok 19 - friction factor: laminar and Colebrook agreement
ok 20 - pipe segment: R and velocity
ok 21 - Kv relations
ok 22 - pipe auto-sizing picks the smallest valid diameter and explains
ok 23 - pump selection and operating point
ok 24 - boiler selection
ok 25 - expansion vessel (EN 12828)
ok 26 - UFH surface temperature and loop design
ok 27 - room heat loss: hand-calculated box room
ok 28 - ground zones sum to room area
ok 29 - benchmark: every room calculated with breakdown
ok 30 - benchmark regression: building heat loss stays in expected band
ok 31 - benchmark: network fully connected, no errors
ok 32 - flow conservation: boiler outlet carries total flow
ok 33 - every heated room is covered by its emitters
ok 34 - balancing reaches ±15 % flow on every radiator circuit
ok 35 - pump, boiler and expansion vessel selected
ok 36 - BOM and cost are consistent
ok 37 - dependency chain: changing climate changes load, radiators, flow and cost
ok 38 - deterministic: same input → same result
ok 39 - disconnecting a pipe is detected
ok 40 - performance: 1000 rooms heat loss under budget
ok 41 - sample project (2-storey, UFH ground floor, convectors upstairs) designs without errors
ok 42 - closure C1: centre gap closed, every hard check holds
ok 43 - closure C2: centre gap closed, every hard check holds
ok 44 - closure C3: centre gap closed, every hard check holds
ok 45 - closure C4: nothing to gain — spiral kept, every hard check holds
ok 46 - closure C5: centre gap closed, every hard check holds
ok 47 - closure C6: centre gap closed, every hard check holds
ok 48 - closure C7: centre gap closed, every hard check holds
ok 49 - closure C8: nothing to gain — spiral kept, every hard check holds
ok 50 - closure C9: centre gap closed, every hard check holds
ok 51 - closure regression: 3.5 × 3.5 @ 200 / 150 — the old centre gaps (0.20 / 0.27 m²) are closed
ok 52 - closure regression: 5 × 5 and 6 × 4 @ 200 / 150 — never worse
ok 53 - residual examples: 200 + 150 (C3), 200 + 170 (C1) — the residual only at the centre
ok 54 - closure C7 / C9: round obstacles — the closure keeps the obstacle clearance and gains
ok 55 - closure C10: impossible (residual would need R < RMIN) — nothing forced, the thin strip stays uncovered and visible
ok 56 - geom: offset / boolean / area / orientation / sanitize
ok 57 - loop: bifilar pipe from a centreline tree is ONE open pipe, supply on the right of the lead
ok 58 - TEST 01 — rectangle 3×2.5 m: one loop, ≤ 60 m, coverage ≥ 90 %, valid
ok 59 - TEST 02 — large room 10×8 m: several loops, each ≤ 60 m, balanced
ok 60 - TEST 03 — L-shaped zone
ok 61 - TEST 04 — U-shaped zone
ok 62 - TEST 05/14 — stair obstacle: no pipe inside obstacle + clearance
ok 63 - TEST 06 — irregular polygon
ok 64 - TEST 07/08 — manifold far away / zone needing > 120 m: leads count, loops split ≤ 60 m
ok 65 - TEST 09 — supply/return topology: each loop starts at its supply and ends at its return connector
ok 66 - TEST 10 — three zones on one manifold use different circuits, no crossings
ok 67 - TEST 11 — spacing 100 mm with a 80 mm pipe: bends validated against the pipe radius
ok 68 - TEST 12/13 — spacing exact and wall clearance kept
ok 69 - TEST 15 — a loop over 60 m is reported and Auto Repair splits the zone
ok 70 - determinism: the same input gives the same geometry
ok 71 - capacity: a zone needing more than 12 loops is UFH-CIRC; split into manifolds every part is valid
ok 72 - rooms: loops stay in their rooms, leads cross walls only through the doors
ok 73 - rooms: leads to a side door leave the manifold as nested L-routes (no diagonal fan)
ok 74 - rooms: door in the manifold wall — nested U leads, own pairs drop past them, no crossings
ok 75 - sample house: left column fed from the corridor manifold (no inner doors) — valid
ok 76 - lower bounds: named, FINAL = max(COVERAGE, LEAD_AWARE), the raw pipe estimate is no bound
ok 77 - a found partition is PROVEN_FEASIBLE: rebuilt geometry = scored numbers (tolerances named), every loop ≤ 60 m
ok 78 - LP11: 2 loops GRID_EXHAUSTIVE (every partition into ≤ 2 rectangles on the 0.05 m raster) — not called impossible
ok 79 - LP7: 3 loops GRID_EXHAUSTIVE on the 0.2 m raster — 4 within the model, not a continuous proof
ok 80 - a time limit, a guillotine-only k ≥ 5 or any k > 6: SEARCH_NOT_EXHAUSTIVE — never GRID_EXHAUSTIVE or PROVEN_INFEASIBLE
ok 81 - LP8 k = 5 (0.2 m raster): guillotine alone SEARCH_NOT_EXHAUSTIVE, with pinwheels GRID_EXHAUSTIVE; a variant cache changes nothing
ok 82 - multi-region zone: the regions' minimum covers never add up to more than the zone requirement
ok 83 - zone acceptance: total heating-pipe coverage and the largest gap decide (region coverage only informs)
ok 84 - loops LP7: ≈ 180 m raw — ≥ 4 loop(s), each ≤ 60 m, each a spiral
ok 85 - loops LP8: ≈ 300 m raw — ≥ 6 loop(s), each ≤ 60 m, each a spiral
ok 86 - loops LP9: ≈ 50 m raw, manifold 7 m away (long leads) — 2 loop(s), each ≤ 60 m, each a spiral
ok 87 - loops LP9: long leads shrink the heating budget — more loops for the same floor
ok 88 - loops LP10: 4 loops, 3 physical outlets — HYDRAULIC_LOOP_INVALID (outlet_shortage), no virtual outlets
ok 89 - loops LP11: narrow 1.6 × 20 m: cuts that would leave strips too narrow for R ≥ RMIN — ≥ 2 loop(s), each ≤ 60 m, each a spiral
ok 90 - loops LP12: column in the middle: cuts round the obstacle clearance — ≥ 3 loop(s), each ≤ 60 m, each a spiral
ok 91 - loops LP11: cuts leaving strips too narrow for R ≥ RMIN are rejected — no sharp bend to fit 60 m
ok 92 - loops LP12: loops round / beside the column keep the obstacle clearance
ok 93 - 101–109 regression: rooms 101 / 107 / 108 need more loops than C-01 has outlets — HYDRAULIC_LOOP_INVALID, raw geometry valid
ok 94 - validateLoopLength: 60.000 m VALID, 60.001 / 60.0001 m INVALID — no rounding
ok 95 - loops LP1: ≈ 50 m raw → 1 loop — 1 loop(s), each ≤ 60 m, each a spiral
ok 96 - loops LP2: ≈ 57 m raw, total just under 60 m → 1 loop — 1 loop(s), each ≤ 60 m, each a spiral
ok 97 - loops LP3: ≈ 63.5 m raw — just over one loop → 2 loops — 2 loop(s), each ≤ 60 m, each a spiral
ok 98 - loops LP3b: 59.4 m raw, over 60 m with the leads — a shorter valid variant of the same spiral fits → 1 loop — 1 loop(s), each ≤ 60 m, each a spiral
ok 99 - loops LP4: ≈ 100 m raw — 2 loop(s), each ≤ 60 m, each a spiral
ok 100 - loops LP5: ≈ 110 m raw — 2 loop(s), each ≤ 60 m, each a spiral
ok 101 - loops LP6: ≈ 120 m raw — 3 loop(s), each ≤ 60 m, each a spiral
ok 102 - loops LP3 / LP3b: the 60 m budget is planned with the leads; a loop over 60 m is never accepted
ok 103 - obstacle O1: ONE spiral round the obstacle(s) — RAW GEOMETRY VALID
ok 104 - obstacle O2: ONE spiral round the obstacle(s) — RAW GEOMETRY VALID
ok 105 - obstacle O3: ONE spiral round the obstacle(s) — RAW GEOMETRY VALID
ok 106 - obstacle O4: ONE spiral round the obstacle(s) — RAW GEOMETRY VALID
ok 107 - obstacle O5: ONE spiral round the obstacle(s) — RAW GEOMETRY VALID
ok 108 - obstacle O6: ONE spiral round the obstacle(s) — RAW GEOMETRY VALID
ok 109 - obstacle O2 / O3 / O4: 0.6 / 0.8 / 1.0 m gaps — the rings that fit pass, the others end there (no squeezing)
ok 110 - obstacle O7: L / U with a column — minimum regions, the column wrapped or notched, valid
ok 111 - obstacle O8: L / U with a column — minimum regions, the column wrapped or notched, valid
ok 112 - obstacle O9: 0.3 m corridor between column and wall — no pipe squeezed in, the strip stays visible as uncovered
ok 113 - obstacle O10: column on the spiral centre — step 4 alone under the limit (78 %); with the centre closure (step 5) valid
ok 114 - obstacle L3b / U9 regressions: fewer regions than step 3, still valid
ok 115 - seam spiral without seams on a rectangle: the convex generator's rings, at least as much pipe
ok 116 - obstacle spiral: a corner without room for R is never shrunk — the variant is dropped
ok 117 - lattice 6 × 6: 82 538 partitions into ≤ 6 rectangles — every one a LEAF / SLICE / PINWHEEL tree
ok 118 - lead access (P7): every partition into ≤ 6 rectangles all touching the boundary is guillotine
ok 119 - modelComplete: guillotine alone to k = 4, with pinwheels to k = 6, never above
ok 120 - every pruning rule against brute force: same maximum cover, k = 1…6 (6 × 6 lattice, interior loops allowed)
ok 121 - decision form: best(R, k, t) is null exactly when the maximum < t (targets round the maximum, early stop)
ok 122 - P7 lead access: with wall-only loops the pinwheel shortcut equals the full pinwheel enumeration and brute force
ok 123 - a pinwheel-only solution: guillotine search misses it, the pinwheel model finds it
ok 124 - search statistics are counted
ok 125 - the oracle is sharp: pinwheel-winning instances exist and are checked, an unsafe bound is caught
ok 126 - root shards: the union of n shards decides exactly what the unsharded search decides
ok 127 - resumable root: the root splits done in earlier (interrupted) runs are skipped — the same decision
ok 128 - memory guard: the memo emptied again and again changes no result
ok 129 - regions L1: RAW GEOMETRY VALID — each region its own spiral, s kept across cuts
ok 130 - regions L2: RAW GEOMETRY VALID — each region its own spiral, s kept across cuts
ok 131 - regions L3: RAW GEOMETRY VALID — each region its own spiral, s kept across cuts
ok 132 - regions L3b: RAW GEOMETRY VALID — each region its own spiral, s kept across cuts
ok 133 - regions L4a: RAW GEOMETRY VALID — each region its own spiral, s kept across cuts
ok 134 - regions L5: RAW GEOMETRY VALID — each region its own spiral, s kept across cuts
ok 135 - regions U1: RAW GEOMETRY VALID — each region its own spiral, s kept across cuts
ok 136 - regions U1c: RAW GEOMETRY VALID — each region its own spiral, s kept across cuts
ok 137 - regions U2: RAW GEOMETRY VALID — each region its own spiral, s kept across cuts
ok 138 - regions U3: RAW GEOMETRY VALID — each region its own spiral, s kept across cuts
ok 139 - regions U4: RAW GEOMETRY VALID — each region its own spiral, s kept across cuts
ok 140 - regions U5: RAW GEOMETRY VALID — each region its own spiral, s kept across cuts
ok 141 - regions U9: RAW GEOMETRY VALID — each region its own spiral, s kept across cuts
ok 142 - regions L4b: an invalid region makes the zone INVALID (no other pipe pattern) — known limitation
ok 143 - regions U4b: an invalid region makes the zone INVALID (no other pipe pattern) — known limitation
ok 144 - regions U3 / U9: the step-3 limitations are gone — no longer listed as known limitations
ok 145 - regions L6 / L7 / U6: raw spirals over 60 m are flagged, the zone needs the loop planner — no loops yet
ok 146 - regions U10 / U7: the minimum region count with an acceptable split is chosen
ok 147 - regions U8 / O8: splits that fail (invalid regions, patches over the limit) are passed over, a valid one is used
ok 148 - regions: fewer regions win over a little more coverage (C before B unless C breaks the limits)
ok 149 - spiral 5×5 m, s 200 mm: one continuous bifilar spiral, valid bends, exact spacing, covered
ok 150 - spiral 5×5 m, s 150 mm: one continuous bifilar spiral, valid bends, exact spacing, covered
ok 151 - spiral 3.5×3.5 m, s 200 mm: one continuous bifilar spiral, valid bends, exact spacing, covered
ok 152 - spiral 3.5×3.5 m, s 150 mm: one continuous bifilar spiral, valid bends, exact spacing, covered
ok 153 - spiral 6×4 m, s 200 mm: one continuous bifilar spiral, valid bends, exact spacing, covered
ok 154 - spiral 6×4 m, s 150 mm: one continuous bifilar spiral, valid bends, exact spacing, covered
ok 155 - spiral: a non-convex region is refused (it is cut into spiral regions first)
ok 156 - spiral: no room for the bends — no spiral rather than a smaller radius
ok 157 - bifilar spiral: no self-crossings, both ends side by side at the entry corner, even spacing
ok 158 - double serpentine: closed U-turn, supply/return pair s apart, no crossings
ok 159 - serpentine: even number of runs, return back along the entry edge
ok 160 - corner rounding keeps the path continuous and never lengthens it
ok 161 - room layout: strips touch the manifold side, leads end at ports and never cross
ok 162 - calculation uses the real loop geometry
ok 163 - L-shaped room: coils stay inside the outline and leads never cross a coil
ok 164 - auto UFH: whole level grouped to ≤ 12-outlet manifolds, every room connected
ok 165 - loops ≤ 60 m: fewest loops that fit (70 m → 2), small rooms keep one short loop
ok 166 - manifold > 12 loops is split into manifolds of ≤ 12 outlets side by side
ok 167 - one big room with > 12 loops is served by several manifolds (bands), each ≤ 12
ok 168 - inset polygon keeps orientation-independent inward offset
ok 169 - radiator pairs run along the walls as one bundle and never cross
# tests 169
# pass 169
# fail 0
# duration_ms 422274.642619
exit 0 wall 423 s
